18:40:37 **** Incremental Build of configuration Debug for project mem_test_lauroCabral ****
make all 
make: Nothing to be done for `all'.
18:40:42 **** Incremental Build of configuration Debug for project mem_test_lauroCabral ****
make all 
make: Nothing to be done for `all'.
18:46:16 **** Incremental Build of configuration Debug for project mem_test_lauroCabral ****
make all 
make: Nothing to be done for `all'.
13:34:51 **** Auto Build of project mem_test_lauroCabral_bsp ****
make -k all 
"Running Make include in ps7_cortexa9_0/libsrc/coresightps_dcc_v1_0/src"
make -C ps7_cortexa9_0/libsrc/coresightps_dcc_v1_0/src -s include  "SHELL=CMD" "COMPILER=arm-xilinx-eabi-gcc" "ARCHIVER=arm-xilinx-eabi-ar" "COMPILER_FLAGS=  -O2 -c" "EXTRA_COMPILER_FLAGS=-g"
"Running Make include in ps7_cortexa9_0/libsrc/cpu_cortexa9_v2_1/src"
make -C ps7_cortexa9_0/libsrc/cpu_cortexa9_v2_1/src -s include  "SHELL=CMD" "COMPILER=arm-xilinx-eabi-gcc" "ARCHIVER=arm-xilinx-eabi-ar" "COMPILER_FLAGS=  -O2 -c" "EXTRA_COMPILER_FLAGS=-g"
"Running Make include in ps7_cortexa9_0/libsrc/devcfg_v3_3/src"
make -C ps7_cortexa9_0/libsrc/devcfg_v3_3/src -s include  "SHELL=CMD" "COMPILER=arm-xilinx-eabi-gcc" "ARCHIVER=arm-xilinx-eabi-ar" "COMPILER_FLAGS=  -O2 -c" "EXTRA_COMPILER_FLAGS=-g"
"Running Make include in ps7_cortexa9_0/libsrc/dmaps_v2_1/src"
make -C ps7_cortexa9_0/libsrc/dmaps_v2_1/src -s include  "SHELL=CMD" "COMPILER=arm-xilinx-eabi-gcc" "ARCHIVER=arm-xilinx-eabi-ar" "COMPILER_FLAGS=  -O2 -c" "EXTRA_COMPILER_FLAGS=-g"
"Running Make include in ps7_cortexa9_0/libsrc/scugic_v3_0/src"
make -C ps7_cortexa9_0/libsrc/scugic_v3_0/src -s include  "SHELL=CMD" "COMPILER=arm-xilinx-eabi-gcc" "ARCHIVER=arm-xilinx-eabi-ar" "COMPILER_FLAGS=  -O2 -c" "EXTRA_COMPILER_FLAGS=-g"
"Running Make include in ps7_cortexa9_0/libsrc/scutimer_v2_1/src"
make -C ps7_cortexa9_0/libsrc/scutimer_v2_1/src -s include  "SHELL=CMD" "COMPILER=arm-xilinx-eabi-gcc" "ARCHIVER=arm-xilinx-eabi-ar" "COMPILER_FLAGS=  -O2 -c" "EXTRA_COMPILER_FLAGS=-g"
"Running Make include in ps7_cortexa9_0/libsrc/scuwdt_v2_1/src"
make -C ps7_cortexa9_0/libsrc/scuwdt_v2_1/src -s include  "SHELL=CMD" "COMPILER=arm-xilinx-eabi-gcc" "ARCHIVER=arm-xilinx-eabi-ar" "COMPILER_FLAGS=  -O2 -c" "EXTRA_COMPILER_FLAGS=-g"
"Running Make include in ps7_cortexa9_0/libsrc/standalone_v5_1/src"
make -C ps7_cortexa9_0/libsrc/standalone_v5_1/src -s include  "SHELL=CMD" "COMPILER=arm-xilinx-eabi-gcc" "ARCHIVER=arm-xilinx-eabi-ar" "COMPILER_FLAGS=  -O2 -c" "EXTRA_COMPILER_FLAGS=-g"
"Running Make include in ps7_cortexa9_0/libsrc/uartps_v3_0/src"
make -C ps7_cortexa9_0/libsrc/uartps_v3_0/src -s include  "SHELL=CMD" "COMPILER=arm-xilinx-eabi-gcc" "ARCHIVER=arm-xilinx-eabi-ar" "COMPILER_FLAGS=  -O2 -c" "EXTRA_COMPILER_FLAGS=-g"
"Running Make include in ps7_cortexa9_0/libsrc/xadcps_v2_2/src"
make -C ps7_cortexa9_0/libsrc/xadcps_v2_2/src -s include  "SHELL=CMD" "COMPILER=arm-xilinx-eabi-gcc" "ARCHIVER=arm-xilinx-eabi-ar" "COMPILER_FLAGS=  -O2 -c" "EXTRA_COMPILER_FLAGS=-g"
"Running Make libs in ps7_cortexa9_0/libsrc/coresightps_dcc_v1_0/src"
make -C ps7_cortexa9_0/libsrc/coresightps_dcc_v1_0/src -s libs  "SHELL=CMD" "COMPILER=arm-xilinx-eabi-gcc" "ARCHIVER=arm-xilinx-eabi-ar" "COMPILER_FLAGS=  -O2 -c" "EXTRA_COMPILER_FLAGS=-g"
"Compiling coresightps_dcc"
"Running Make libs in ps7_cortexa9_0/libsrc/cpu_cortexa9_v2_1/src"
make -C ps7_cortexa9_0/libsrc/cpu_cortexa9_v2_1/src -s libs  "SHELL=CMD" "COMPILER=arm-xilinx-eabi-gcc" "ARCHIVER=arm-xilinx-eabi-ar" "COMPILER_FLAGS=  -O2 -c" "EXTRA_COMPILER_FLAGS=-g"
"Compiling cpu_cortexa9"
"Running Make libs in ps7_cortexa9_0/libsrc/devcfg_v3_3/src"
make -C ps7_cortexa9_0/libsrc/devcfg_v3_3/src -s libs  "SHELL=CMD" "COMPILER=arm-xilinx-eabi-gcc" "ARCHIVER=arm-xilinx-eabi-ar" "COMPILER_FLAGS=  -O2 -c" "EXTRA_COMPILER_FLAGS=-g"
"Compiling devcfg"
"Running Make libs in ps7_cortexa9_0/libsrc/dmaps_v2_1/src"
make -C ps7_cortexa9_0/libsrc/dmaps_v2_1/src -s libs  "SHELL=CMD" "COMPILER=arm-xilinx-eabi-gcc" "ARCHIVER=arm-xilinx-eabi-ar" "COMPILER_FLAGS=  -O2 -c" "EXTRA_COMPILER_FLAGS=-g"
"Compiling dmaps"
"Running Make libs in ps7_cortexa9_0/libsrc/scugic_v3_0/src"
make -C ps7_cortexa9_0/libsrc/scugic_v3_0/src -s libs  "SHELL=CMD" "COMPILER=arm-xilinx-eabi-gcc" "ARCHIVER=arm-xilinx-eabi-ar" "COMPILER_FLAGS=  -O2 -c" "EXTRA_COMPILER_FLAGS=-g"
"Compiling scugic"
"Running Make libs in ps7_cortexa9_0/libsrc/scutimer_v2_1/src"
make -C ps7_cortexa9_0/libsrc/scutimer_v2_1/src -s libs  "SHELL=CMD" "COMPILER=arm-xilinx-eabi-gcc" "ARCHIVER=arm-xilinx-eabi-ar" "COMPILER_FLAGS=  -O2 -c" "EXTRA_COMPILER_FLAGS=-g"
"Compiling scutimer"
"Running Make libs in ps7_cortexa9_0/libsrc/scuwdt_v2_1/src"
make -C ps7_cortexa9_0/libsrc/scuwdt_v2_1/src -s libs  "SHELL=CMD" "COMPILER=arm-xilinx-eabi-gcc" "ARCHIVER=arm-xilinx-eabi-ar" "COMPILER_FLAGS=  -O2 -c" "EXTRA_COMPILER_FLAGS=-g"
"Compiling scuwdt"
"Running Make libs in ps7_cortexa9_0/libsrc/standalone_v5_1/src"
make -C ps7_cortexa9_0/libsrc/standalone_v5_1/src -s libs  "SHELL=CMD" "COMPILER=arm-xilinx-eabi-gcc" "ARCHIVER=arm-xilinx-eabi-ar" "COMPILER_FLAGS=  -O2 -c" "EXTRA_COMPILER_FLAGS=-g"
"Compiling standalone"
"Running Make libs in ps7_cortexa9_0/libsrc/uartps_v3_0/src"
make -C ps7_cortexa9_0/libsrc/uartps_v3_0/src -s libs  "SHELL=CMD" "COMPILER=arm-xilinx-eabi-gcc" "ARCHIVER=arm-xilinx-eabi-ar" "COMPILER_FLAGS=  -O2 -c" "EXTRA_COMPILER_FLAGS=-g"
"Compiling uartps"
"Running Make libs in ps7_cortexa9_0/libsrc/xadcps_v2_2/src"
make -C ps7_cortexa9_0/libsrc/xadcps_v2_2/src -s libs  "SHELL=CMD" "COMPILER=arm-xilinx-eabi-gcc" "ARCHIVER=arm-xilinx-eabi-ar" "COMPILER_FLAGS=  -O2 -c" "EXTRA_COMPILER_FLAGS=-g"
"Compiling xadcps"
'Finished building libraries'
13:35:34 **** Auto Build of configuration Debug for project mem_test_lauroCabral ****
make all 
'Building file: ../src/memorytest.c'
'Invoking: ARM gcc compiler'
arm-xilinx-eabi-gcc -Wall -O0 -g3 -c -fmessage-length=0 -MT"src/memorytest.o" -I../../mem_test_lauroCabral_bsp/ps7_cortexa9_0/include -MMD -MP -MF"src/memorytest.d" -MT"src/memorytest.d" -o "src/memorytest.o" "../src/memorytest.c"
'Finished building: ../src/memorytest.c'
' '
'Building file: ../src/platform.c'
'Invoking: ARM gcc compiler'
arm-xilinx-eabi-gcc -Wall -O0 -g3 -c -fmessage-length=0 -MT"src/platform.o" -I../../mem_test_lauroCabral_bsp/ps7_cortexa9_0/include -MMD -MP -MF"src/platform.d" -MT"src/platform.d" -o "src/platform.o" "../src/platform.c"
'Finished building: ../src/platform.c'
' '
'Building target: mem_test_lauroCabral.elf'
'Invoking: ARM gcc linker'
arm-xilinx-eabi-gcc -Wl,-T -Wl,../src/lscript.ld -L../../mem_test_lauroCabral_bsp/ps7_cortexa9_0/lib -o "mem_test_lauroCabral.elf"  ./src/memory_config_g.o ./src/memorytest.o ./src/platform.o   -Wl,--start-group,-lxil,-lgcc,-lc,--end-group
'Finished building target: mem_test_lauroCabral.elf'
' '
'Invoking: ARM Print Size'
arm-xilinx-eabi-size mem_test_lauroCabral.elf  |tee "mem_test_lauroCabral.elf.size"
   text	   data	    bss	    dec	    hex	filename
  26308	   1184	  14388	  41880	   a398	mem_test_lauroCabral.elf
'Finished building: mem_test_lauroCabral.elf.size'
' '
